app_key,name,ARGB8888
077bee08f7f81593b8a4bd06dfe6e4b84d86aa7688e474effcdb63cdb0d3731b,android.graphics.Bitmap$Config,1
348aeef2fc408738d93bbcae294b068d5b161ddba01dc2edbd052d0fbf3a9303,android.graphics.Bitmap$Config,1
16d11c6c79d678c3a99d58cced02b565ccd9b1267adc1c1dfdf4ad1a29d0dd72,android.graphics.Bitmap$Config,1
