app_key,full_name
witness,onCreate#com.antipatterns.app.AActivity
