app_key,cyclomatic_complexity,number_of_instructions,full_name,fuzzy_value
witness,34,135,onReceive#com.antipatterns.app.BroadCastRC,1
openmanager,4,41,onReceive#org.brandroid.openmanager.activities.BluetoothActivity$2,0.334
