m.app_key,full_name,HMU
tint,<init>#org.tint.ui.managers.BasePhoneUIManager,1
wikipedia,onCreate#org.wikipedia.page.gallery.GalleryActivity,1
wordpress,createUser#org.wordpress.android.ui.accounts.CreateUserAndBlog,1
wordpress,getStatsVideoSummary#org.wordpress.android.networking.RestClientUtils,1
wordpress,performRequest#org.wordpress.android.util.VolleyUtils$3,1
wikipedia,<init>#org.wikipedia.bridge.CommunicationBridge,1
opengpx,getVotes#org.opengpx.lib.xml.GCVoteReader,1
tof,<init>#org.tof.util.IniFile$Section,1
wordpress,loadDrafts#org.wordpress.android.WordPressDB,1
wordpress,setTheme#org.wordpress.android.networking.RestClientUtils,1
wordpress,loadUploadedPosts#org.wordpress.android.WordPressDB,1
wordpress,replyToComment#org.wordpress.android.networking.RestClientUtils,2
wikipedia,get#org.wikipedia.SharedPreferenceCookieManager,1
wordpress,uploadMediaFile#org.wordpress.android.util.PostUploadService$UploadPostTask,1
wordpress,launchWithNoteId#org.wordpress.android.ui.notifications.NotificationsActivity,1
wordpress,markNotificationsSeen#org.wordpress.android.networking.RestClientUtils,1
wikipedia,processResult#org.wikipedia.page.PageQueryTask,1
openmanager,<init>#org.brandroid.openmanager.util.MimeTypes,1
wordpress,run#org.wordpress.android.ui.comments.CommentActions$6,1
witness,<init>#com.antipatterns.app.ABigClass,1
passandroid,getCountedTypes#org.ligi.passandroid.model.AndroidFileSystemPassStore,1
wordpress,<clinit>#org.wordpress.android.util.Emoticons,1
wordpress,validateSite#org.wordpress.android.ui.accounts.CreateUserAndBlog,1
openmanager,<init>#org.brandroid.openmanager.adapters.OpenPathPagerAdapter,1
wikipedia,<init>#org.wikipedia.WikipediaApp,1
wikipedia,<init>#org.wikipedia.SharedPreferenceCookieManager,1
openmanager,<init>#org.brandroid.openmanager.adapters.HeatmapAdapter,1
wordpress,getNotifications#org.wordpress.android.networking.RestClientUtils,1
wordpress,getStatsVideoPlays#org.wordpress.android.networking.RestClientUtils,1
witness,onCreate#com.antipatterns.app.AActivity,1
tint,onReceiveValue#org.tint.ui.preferences.WebsitesSettingsFragment$SiteAdapter$1,1
wordpress,doInBackground#org.wordpress.android.ui.comments.CommentsListFragment$UpdateCommentsTask,1
wordpress,setPushNotificationSettings#org.wordpress.android.ui.notifications.NotificationUtils,1
wordpress,moderateComment#org.wordpress.android.networking.RestClientUtils,1
wikipedia,<init>#org.wikipedia.editing.EditTokenStorage,1
wordpress,registerDeviceForPushNotifications#org.wordpress.android.ui.notifications.NotificationUtils,1
wordpress,getStatsTopAuthors#org.wordpress.android.networking.RestClientUtils,1
wordpress,reblogPost#org.wordpress.android.ui.reader.actions.ReaderPostActions,1
passandroid,<init>#org.ligi.passandroid.model.AppleStylePassTranslation,1
wikipedia,<init>#org.wikipedia.bridge.CommunicationBridge$BridgeMarshaller,1
tint,<clinit>#org.tint.addons.executors.ExecutorFactory,1
wordpress,doInBackground#org.wordpress.android.util.PostUploadService$UploadPostTask,1
wikipedia,<init>#org.wikipedia.page.gallery.GalleryItem,1
opengpx,addOrphanedWaypointsToCaches#org.opengpx.lib.CacheDatabase,1
wordpress,<init>#org.wordpress.android.util.DrawableManager,1
opengpx,<init>#org.opengpx.lib.xml.GCVoteHandler,1
wordpress,run#org.wordpress.android.ui.comments.CommentActions$5,1
wikipedia,setupData#org.wikipedia.staticdata.SpecialAliasData,1
wordpress,<init>#org.wordpress.android.ui.posts.SelectCategoriesActivity,1
wikipedia,setupData#org.wikipedia.staticdata.MainPageNameData,1
wordpress,<init>#org.wordpress.android.ui.media.MediaGridAdapter,1
tof,<init>#org.tof.util.IniFile,1
wordpress,getNotification#org.wordpress.android.networking.RestClientUtils,1
tint,readAsJSON#org.tint.tasks.HistoryBookmarksImportTask,1
passandroid,<init>#org.ligi.passandroid.ui.InputStreamProvider$1,1
wordpress,run#org.wordpress.android.ui.comments.CommentActions$2,1
wordpress,initMap#org.wordpress.android.util.ThemeHelper,1
wordpress,createBlog#org.wordpress.android.ui.accounts.CreateUserAndBlog,1
wordpress,doInBackground#org.wordpress.android.ui.comments.EditCommentActivity$UpdateCommentTask,1
opengpx,<init>#org.opengpx.CacheListAdapter,1
wordpress,getStatsTagsAndCategories#org.wordpress.android.networking.RestClientUtils,1
opengpx,<init>#org.opengpx.LogListAdapter,1
wordpress,getQuickPressShortcuts#org.wordpress.android.WordPressDB,1
wikipedia,buildCustomHeaders#org.wikipedia.WikipediaApp,1
wordpress,buildColorMap#org.wordpress.android.util.HtmlToSpannedConverter,1
wordpress,getAccountsBy#org.wordpress.android.WordPressDB,1
wikipedia,put#org.wikipedia.SharedPreferenceCookieManager,1
opengpx,initializeLogList#org.opengpx.CacheDetailActivity,1
passandroid,<init>#org.ligi.passandroid.ui.edit_fragments.BarCodeIntentIntegrator,2
wordpress,requestNotesBefore#org.wordpress.android.ui.notifications.NotificationsActivity,1
wikipedia,setupData#org.wikipedia.staticdata.FileAliasData,1
wordpress,submitPostComment#org.wordpress.android.ui.reader.actions.ReaderCommentActions,1
wordpress,run#org.wordpress.android.ui.comments.CommentActions$1,1
tint,<init>#org.tint.tasks.SearchUrlTask,1
wordpress,<clinit>#org.wordpress.android.GCMIntentService,1
wikipedia,<init>#org.wikipedia.concurrency.ExecutorService,1
wordpress,validateUser#org.wordpress.android.ui.accounts.CreateUserAndBlog,1
wordpress,getStatsMostCommented#org.wordpress.android.networking.RestClientUtils,1
wordpress,addCategory#org.wordpress.android.ui.posts.SelectCategoriesActivity,1
wikipedia,makeCookieMap#org.wikipedia.SharedPreferenceCookieManager,1
wordpress,markNoteAsRead#org.wordpress.android.networking.RestClientUtils,1
tint,requestHrefNode#org.tint.ui.managers.BaseUIManager,1
wordpress,getStatsTopCommenters#org.wordpress.android.networking.RestClientUtils,1
wordpress,<init>#org.wordpress.android.util.WPMobileStatsUtil,1
wordpress,getActions#org.wordpress.android.models.Note,2
wordpress,<init>#org.wordpress.android.ui.notifications.NotesAdapter,1
