app_key,cyclomatic_complexity,number_of_instructions,full_name,fuzzy_value
witness,34,137,onStartCommand#com.antipatterns.app.HeavyIntentService,1
witness,34,137,onStartCommand#com.antipatterns.app.HeavyService,1
