app_key,full_name
witness,onDraw#com.antipatterns.app.MyQuiteGoodView
witness,onDraw#com.antipatterns.app.NotSoGoodView
witness,onDraw#com.antipatterns.app.NotSoGoodView
witness,onDraw#com.antipatterns.app.NotSoGoodView
witness,onDraw#com.antipatterns.app.AQuiteGoodView
witness,onDraw#com.antipatterns.app.AQuiteGoodView
openmanager,onDraw#org.brandroid.openmanager.views.SpriteAnimatorSurfaceView
openmanager,onDraw#org.brandroid.openmanager.views.SpriteAnimatorSurfaceView
