app_key,full_name
witness,amethod#com.antipatterns.app.AnotherActivity
witness,aMethod#com.antipatterns.app.AnotherSwissArmyKnife
openmanager,setRoot#org.brandroid.openmanager.data.OpenFile
openmanager,getItemId#org.brandroid.openmanager.adapters.OpenPathAdapter
openmanager,isViewPagerEnabled#org.brandroid.openmanager.activities.OpenExplorer
openmanager,getItemId#org.brandroid.openmanager.util.OpenIntentAdapter
openmanager,getItemId#org.brandroid.openmanager.adapters.OpenClipboard
openmanager,getItemId#org.brandroid.openmanager.fragments.OperationsFragment$BackgroundTaskAdapter
openmanager,getItemId#org.brandroid.openmanager.adapters.ContentAdapter
openmanager,onCreate#org.brandroid.openmanager.util.BetterPopupWindow
openmanager,onShow#org.brandroid.openmanager.util.BetterPopupWindow
openmanager,getPagerPriority#org.brandroid.openmanager.fragments.OpenFragment
openmanager,getSearch#org.brandroid.openmanager.fragments.SearchResultsFragment
openmanager,getItemId#org.brandroid.openmanager.adapters.LinesAdapter
openmanager,getItemId#org.brandroid.openmanager.adapters.IconContextMenuAdapter
openmanager,getItemId#org.brandroid.openmanager.adapters.ContentTreeAdapter
openmanager,getItemId#org.brandroid.openmanager.adapters.HeatmapAdapter
openmanager,getAttributes#org.brandroid.openmanager.data.OpenPath
openmanager,showChildPath#org.brandroid.openmanager.data.OpenPath
openmanager,clearChildren#org.brandroid.openmanager.data.OpenPath
openmanager,touch#org.brandroid.openmanager.data.OpenPath
openmanager,getListLength#org.brandroid.openmanager.data.OpenPath
openmanager,listFromDb#org.brandroid.openmanager.data.OpenPath
passandroid,reset#org.ligi.passandroid.ui.PassEditActivity$$ViewInjector
passandroid,reset#org.ligi.passandroid.ui.edit_fragments.ImageEditFragment$$ViewInjector
passandroid,reset#org.ligi.passandroid.ui.PassListActivity$$ViewInjector
passandroid,reset#org.ligi.passandroid.ui.edit_fragments.ColorPickFragment$$ViewInjector
passandroid,canEqual#org.ligi.passandroid.model.PassImpl
passandroid,reset#org.ligi.passandroid.ui.HelpActivity$$ViewInjector
passandroid,reset#org.ligi.passandroid.ui.edit_fragments.MetaDataFragment$$ViewInjector
passandroid,reset#org.ligi.passandroid.ui.FullscreenBarcodeActivity$$ViewInjector
passandroid,reset#org.ligi.passandroid.ui.views.CategoryIndicatorView$$ViewInjector
passandroid,canEqual#org.ligi.passandroid.model.BarCode
passandroid,reset#org.ligi.passandroid.ui.edit_fragments.BarcodeEditFragment$$ViewInjector
passandroid,reset#org.ligi.passandroid.ui.PassViewActivity$$ViewInjector
passandroid,reset#org.ligi.passandroid.ui.NavigationFragment$$ViewInjector
passandroid,refresh#org.ligi.passandroid.ui.PassViewActivityBase
passandroid,reset#org.ligi.passandroid.ui.PassViewHolder$$ViewInjector
opengpx,onItemLongPress#org.opengpx.lib.map.OsmMapViewerActivity$4
tint,findViewAt#org.tint.ui.views.ScrollerView
tint,onOrthoDragFinished#org.tint.ui.views.ScrollerView
tint,clamp#org.tint.ui.views.ScrollerView
tint,onOrthoDrag#org.tint.ui.views.ScrollerView
tint,onOrthoFling#org.tint.ui.views.ScrollerView
tint,onPull#org.tint.ui.views.ScrollerView
tint,onActivityResult#org.tint.ui.managers.LegacyPhoneUIManager
tint,isHorizontal#org.tint.ui.views.TabsScroller
tint,onActivityResult#org.tint.ui.managers.TabletUIManager
tint,onActionModeFinished#org.tint.ui.managers.TabletUIManager
tint,getStartPageFragment#org.tint.ui.managers.TabletUIManager
tint,onMenuVisibilityChanged#org.tint.ui.managers.TabletUIManager
tint,onHideStartPage#org.tint.ui.managers.TabletUIManager
tint,onActionModeStarted#org.tint.ui.managers.TabletUIManager
tint,onMenuVisibilityChanged#org.tint.ui.managers.PhoneUIManager
tint,onActionModeStarted#org.tint.ui.managers.PhoneUIManager
tof,endRender#org.tof.stage.Stage
tof,apply#org.tof.stage.LayerEffect
tof,tempo#org.tof.midi.MidiCallbackHelper
tof,noteOnOff#org.tof.midi.MidiCallbackHelper
tof,onCreateMenuView#org.tof.ui.ActivityBase
tof,doPageAction#org.tof.ui.ActivityBase
tof,onMasterVolumeAdjusted#org.tof.ui.ActivityBase
tof,onMenuItemClick#org.tof.ui.ActivityBase
wikipedia,getUseSecure#org.wikipedia.Site
wikipedia,onProgressUpdate#org.wikipedia.concurrency.AsyncTask
wikipedia,onPreExecute#org.wikipedia.concurrency.AsyncTask
wikipedia,onPostExecute#org.wikipedia.concurrency.AsyncTask
wikipedia,onCancelled#org.wikipedia.concurrency.AsyncTask
wikipedia,getAppInstallIDField#org.wikipedia.analytics.Funnel
wikipedia,getSessionTokenField#org.wikipedia.analytics.Funnel
wikipedia,getDBVersionIntroducedAt#org.wikipedia.data.PersistenceHelper
wikipedia,onBeforeExecute#org.wikipedia.concurrency.SaneAsyncTask
wikipedia,onCatch#org.wikipedia.concurrency.SaneAsyncTask
wikipedia,onFinish#org.wikipedia.concurrency.SaneAsyncTask
wikipedia,getContainerId#org.wikipedia.activity.BaseSingleFragmentActivity
wikipedia,getLayout#org.wikipedia.activity.BaseSingleFragmentActivity
wikipedia,galleryFilePageSelected#org.wikipedia.page.PageActivity
wikipedia,logoutSelected#org.wikipedia.page.PageActivity
wikipedia,languageChanged#org.wikipedia.page.PageActivity
wikipedia,settingsActivityRequested#org.wikipedia.page.PageActivity
wikipedia,loginActivityRequested#org.wikipedia.page.PageActivity
wikipedia,newArticleLanguageSelected#org.wikipedia.page.PageActivity
wikipedia,getNetworkProtocol#org.wikipedia.WikipediaApp
wikipedia,getDurationFieldName#org.wikipedia.analytics.TimedFunnel
wordpress,statEventForViewClosing#org.wordpress.android.ui.posts.PostsActivity
wordpress,statEventForNewPost#org.wordpress.android.ui.posts.PostsActivity
wordpress,statEventForViewOpening#org.wordpress.android.ui.posts.PostsActivity
wordpress,getItemId#org.wordpress.android.ui.notifications.NoteFollowAdapter
wordpress,getItemId#org.wordpress.android.ui.reader.adapters.ReaderPostAdapter
wordpress,getCount#org.wordpress.android.ui.media.MediaGallerySettingsFragment$CustomGridAdapter
wordpress,getItemId#org.wordpress.android.ui.media.MediaGallerySettingsFragment$CustomGridAdapter
wordpress,onErrorResponse#org.wordpress.android.ui.themes.ThemeBrowserActivity$6
wordpress,onErrorResponse#org.wordpress.android.ui.themes.ThemeTabFragment$3
wordpress,endProgress#org.wordpress.android.ui.accounts.NewAccountAbstractPageFragment
wordpress,specificShowError#org.wordpress.android.ui.accounts.NewAccountAbstractPageFragment
wordpress,getItemId#org.wordpress.android.ui.notifications.NotesAdapter
wordpress,onErrorResponse#org.wordpress.android.ui.stats.StatsVideoFragment$VideoSummaryFragment$3
wordpress,getItemId#org.wordpress.android.ui.AddQuickPressShortcutActivity$HomeListAdapter
wordpress,onErrorResponse#org.wordpress.android.ui.media.MediaGridFragment$6
wordpress,siteUrlToSiteName#org.wordpress.android.ui.accounts.NewUserPageFragment
wordpress,onSignout#org.wordpress.android.ui.WPActionBarActivity
wordpress,onConfigureView#org.wordpress.android.ui.MenuDrawerItem
wordpress,getItemId#org.wordpress.android.ui.posts.ParentCategorySpinnerAdapter
wordpress,onFailure#org.wordpress.android.ui.stats.StatsActivity$VerifyJetpackSettingsCallback
wordpress,getItemId#org.wordpress.android.ui.reader.adapters.ReaderTagAdapter
wordpress,getItemId#org.wordpress.android.ui.reader.adapters.ReaderActionBarTagAdapter
wordpress,getItemId#org.wordpress.android.ui.comments.CommentAdapter
wordpress,onErrorResponse#org.wordpress.android.ui.posts.EditPostContentFragment$9
