app_key,full_name
witness,onDraw#com.antipatterns.app.NotSoGoodView
