m.app_key,full_name
witness,onDraw#com.antipatterns.app.NotSoGoodView
witness,onDraw#com.antipatterns.app.NotSoGoodView
opengpx,draw#org.opengpx.lib.map.OsmLineNavigationOverlay
opengpx,definePaintStyles#org.opengpx.lib.map.OsmLineNavigationOverlay
opengpx,createNavLayoutPicture#org.opengpx.lib.map.OsmLineNavigationOverlay
tof,buildFont#org.tof.gl.sprite.SpriteFontBuilder
tof,buildText#org.tof.gl.sprite.SpriteFontBuilder
