app_key,full_name
witness,onDraw#com.antipatterns.app.NotSoGoodView
openmanager,onDraw#org.brandroid.openmanager.views.SpriteAnimatorSurfaceView
wordpress,onDraw#org.wordpress.android.util.LinePageIndicator
